Collecting unsloth
  Downloading unsloth-2026.9.4-py3-none-any.whl.metadata (75 kB)
     ━━━━━━━━━━━━━━━━━━━━━━━━━━━━━━━━━━━━━━━━ 75.4/75.4 kB 2.6 MB/s eta 0:00:00
Collecting unsloth_zoo
  Downloading unsloth_zoo-2026.9.3-py3-none-any.whl.metadata (33 kB)
Requirement already satisfied: wheel>=0.42.0 in /usr/local/lib/python3.12/dist-packages (from unsloth) (0.47.0)
Requirement already satisfied: packaging in /usr/local/lib/python3.12/dist-packages (from unsloth) (26.1)
Requirement already satisfied: torch<2.13.0,>=2.4.0 in /usr/local/lib/python3.12/dist-packages (from unsloth) (2.10.0+cu128)
Requirement already satisfied: torchvision in /usr/local/lib/python3.12/dist-packages (from unsloth) (0.25.0+cu128)
Requirement already satisfied: numpy in /usr/local/lib/python3.12/dist-packages (from unsloth) (2.0.2)
Requirement already satisfied: tqdm in /usr/local/lib/python3.12/dist-packages (from unsloth) (4.67.3)
Requirement already satisfied: psutil in /usr/local/lib/python3.12/dist-packages (from unsloth) (5.9.5)
Collecting tyro (from unsloth)
  Downloading tyro-1.0.16-py3-none-any.whl.metadata (12 kB)
Requirement already satisfied: protobuf in /usr/local/lib/python3.12/dist-packages (from unsloth) (5.29.5)
Collecting xformers>=0.0.27.post2 (from unsloth)
  Downloading xformers-0.0.35-py39-none-manylinux_2_28_x86_64.whl.metadata (1.2 kB)
Collecting bitsandbytes!=0.46.0,!=0.48.0,>=0.45.5 (from unsloth)
  Downloading bitsandbytes-0.50.2-py3-none-manylinux_2_24_x86_64.whl.metadata (10 kB)
Requirement already satisfied: triton>=3.0.0 in /usr/local/lib/python3.12/dist-packages (from unsloth) (3.6.0)
Requirement already satisfied: sentencepiece>=0.2.0 in /usr/local/lib/python3.12/dist-packages (from unsloth) (0.2.1)
Collecting datasets!=4.0.*,!=4.1.0,<4.4.0,>=3.4.1 (from unsloth)
  Downloading datasets-4.3.0-py3-none-any.whl.metadata (18 kB)
Requirement already satisfied: accelerate>=0.34.1 in /usr/local/lib/python3.12/dist-packages (from unsloth) (1.13.0)
Requirement already satisfied: peft!=0.11.0,>=0.18.0 in /usr/local/lib/python3.12/dist-packages (from unsloth) (0.19.1)
Requirement already satisfied: huggingface_hub>=0.34.0 in /usr/local/lib/python3.12/dist-packages (from unsloth) (1.11.0)
Collecting hf_transfer (from unsloth)
  Downloading hf_transfer-0.1.9-cp38-abi3-manylinux_2_17_x86_64.manylinux2014_x86_64.whl.metadata (1.7 kB)
Requirement already satisfied: diffusers in /usr/local/lib/python3.12/dist-packages (from unsloth) (0.37.1)
Collecting transformers!=4.52.0,!=4.52.1,!=4.52.2,!=4.52.3,!=4.53.0,!=4.54.0,!=4.55.0,!=4.55.1,!=4.57.0,!=4.57.4,!=4.57.5,!=5.0.0,!=5.1.0,<=5.5.0,>=4.51.3 (from unsloth)
  Downloading transformers-5.5.0-py3-none-any.whl.metadata (32 kB)
Collecting trl!=0.19.0,<=0.24.0,>=0.18.2 (from unsloth)
  Downloading trl-0.24.0-py3-none-any.whl.metadata (11 kB)
Requirement already satisfied: typer>=0.12.0 in /usr/local/lib/python3.12/dist-packages (from unsloth) (0.24.2)
Requirement already satisfied: pydantic in /usr/local/lib/python3.12/dist-packages (from unsloth) (2.12.3)
Requirement already satisfied: pyyaml in /usr/local/lib/python3.12/dist-packages (from unsloth) (6.0.3)
Requirement already satisfied: nest-asyncio in /usr/local/lib/python3.12/dist-packages (from unsloth) (1.6.0)
Collecting structlog>=24.1.0 (from unsloth)
  Downloading structlog-26.1.0-py3-none-any.whl.metadata (9.7 kB)
Requirement already satisfied: click>=8.0 in /usr/local/lib/python3.12/dist-packages (from unsloth) (8.3.3)
Requirement already satisfied: rich in /usr/local/lib/python3.12/dist-packages (from unsloth) (13.9.4)
Collecting torchao>=0.13.0 (from unsloth_zoo)
  Downloading torchao-0.18.0-cp310-abi3-manylinux_2_24_x86_64.manylinux_2_28_x86_64.whl.metadata (21 kB)
Collecting cut_cross_entropy (from unsloth_zoo)
  Downloading cut_cross_entropy-25.1.1-py3-none-any.whl.metadata (9.3 kB)
Requirement already satisfied: pillow in /usr/local/lib/python3.12/dist-packages (from unsloth_zoo) (11.3.0)
Requirement already satisfied: regex in /usr/local/lib/python3.12/dist-packages (from unsloth_zoo) (2025.11.3)
Collecting msgspec (from unsloth_zoo)
  Downloading msgspec-0.21.1-cp312-cp312-manylinux2014_x86_64.manylinux_2_17_x86_64.manylinux_2_28_x86_64.whl.metadata (5.8 kB)
Requirement already satisfied: typing_extensions in /usr/local/lib/python3.12/dist-packages (from unsloth_zoo) (4.15.0)
Requirement already satisfied: filelock in /usr/local/lib/python3.12/dist-packages (from unsloth_zoo) (3.29.0)
Requirement already satisfied: safetensors>=0.4.3 in /usr/local/lib/python3.12/dist-packages (from accelerate>=0.34.1->unsloth) (0.7.0)
Requirement already satisfied: pyarrow>=21.0.0 in /usr/local/lib/python3.12/dist-packages (from datasets!=4.0.*,!=4.1.0,<4.4.0,>=3.4.1->unsloth) (24.0.0)
Collecting dill<0.4.1,>=0.3.0 (from datasets!=4.0.*,!=4.1.0,<4.4.0,>=3.4.1->unsloth)
  Downloading dill-0.4.0-py3-none-any.whl.metadata (10 kB)
Requirement already satisfied: pandas in /usr/local/lib/python3.12/dist-packages (from datasets!=4.0.*,!=4.1.0,<4.4.0,>=3.4.1->unsloth) (2.3.3)
Requirement already satisfied: requests>=2.32.2 in /usr/local/lib/python3.12/dist-packages (from datasets!=4.0.*,!=4.1.0,<4.4.0,>=3.4.1->unsloth) (2.32.4)
Requirement already satisfied: httpx<1.0.0 in /usr/local/lib/python3.12/dist-packages (from datasets!=4.0.*,!=4.1.0,<4.4.0,>=3.4.1->unsloth) (0.28.1)
Requirement already satisfied: xxhash in /usr/local/lib/python3.12/dist-packages (from datasets!=4.0.*,!=4.1.0,<4.4.0,>=3.4.1->unsloth) (3.6.0)
Requirement already satisfied: multiprocess<0.70.17 in /usr/local/lib/python3.12/dist-packages (from datasets!=4.0.*,!=4.1.0,<4.4.0,>=3.4.1->unsloth) (0.70.16)
Requirement already satisfied: fsspec<=2025.9.0,>=2023.1.0 in /usr/local/lib/python3.12/dist-packages (from fsspec[http]<=2025.9.0,>=2023.1.0->datasets!=4.0.*,!=4.1.0,<4.4.0,>=3.4.1->unsloth) (2025.3.0)
Requirement already satisfied: hf-xet<2.0.0,>=1.4.3 in /usr/local/lib/python3.12/dist-packages (from huggingface_hub>=0.34.0->unsloth) (1.4.3)
Requirement already satisfied: setuptools in /usr/local/lib/python3.12/dist-packages (from torch<2.13.0,>=2.4.0->unsloth) (81.0.0)
Requirement already satisfied: sympy>=1.13.3 in /usr/local/lib/python3.12/dist-packages (from torch<2.13.0,>=2.4.0->unsloth) (1.14.0)
Requirement already satisfied: networkx>=2.5.1 in /usr/local/lib/python3.12/dist-packages (from torch<2.13.0,>=2.4.0->unsloth) (3.6.1)
Requirement already satisfied: jinja2 in /usr/local/lib/python3.12/dist-packages (from torch<2.13.0,>=2.4.0->unsloth) (3.1.6)
Requirement already satisfied: cuda-bindings==12.9.4 in /usr/local/lib/python3.12/dist-packages (from torch<2.13.0,>=2.4.0->unsloth) (12.9.4)
Requirement already satisfied: nvidia-cuda-nvrtc-cu12==12.8.93 in /usr/local/lib/python3.12/dist-packages (from torch<2.13.0,>=2.4.0->unsloth) (12.8.93)
Requirement already satisfied: nvidia-cuda-runtime-cu12==12.8.90 in /usr/local/lib/python3.12/dist-packages (from torch<2.13.0,>=2.4.0->unsloth) (12.8.90)
Requirement already satisfied: nvidia-cuda-cupti-cu12==12.8.90 in /usr/local/lib/python3.12/dist-packages (from torch<2.13.0,>=2.4.0->unsloth) (12.8.90)
Requirement already satisfied: nvidia-cudnn-cu12==9.10.2.21 in /usr/local/lib/python3.12/dist-packages (from torch<2.13.0,>=2.4.0->unsloth) (9.10.2.21)
Requirement already satisfied: nvidia-cublas-cu12==12.8.4.1 in /usr/local/lib/python3.12/dist-packages (from torch<2.13.0,>=2.4.0->unsloth) (12.8.4.1)
Requirement already satisfied: nvidia-cufft-cu12==11.3.3.83 in /usr/local/lib/python3.12/dist-packages (from torch<2.13.0,>=2.4.0->unsloth) (11.3.3.83)
Requirement already satisfied: nvidia-curand-cu12==10.3.9.90 in /usr/local/lib/python3.12/dist-packages (from torch<2.13.0,>=2.4.0->unsloth) (10.3.9.90)
Requirement already satisfied: nvidia-cusolver-cu12==11.7.3.90 in /usr/local/lib/python3.12/dist-packages (from torch<2.13.0,>=2.4.0->unsloth) (11.7.3.90)
Requirement already satisfied: nvidia-cusparse-cu12==12.5.8.93 in /usr/local/lib/python3.12/dist-packages (from torch<2.13.0,>=2.4.0->unsloth) (12.5.8.93)
Requirement already satisfied: nvidia-cusparselt-cu12==0.7.1 in /usr/local/lib/python3.12/dist-packages (from torch<2.13.0,>=2.4.0->unsloth) (0.7.1)
Requirement already satisfied: nvidia-nccl-cu12==2.27.5 in /usr/local/lib/python3.12/dist-packages (from torch<2.13.0,>=2.4.0->unsloth) (2.27.5)
Requirement already satisfied: nvidia-nvshmem-cu12==3.4.5 in /usr/local/lib/python3.12/dist-packages (from torch<2.13.0,>=2.4.0->unsloth) (3.4.5)
Requirement already satisfied: nvidia-nvtx-cu12==12.8.90 in /usr/local/lib/python3.12/dist-packages (from torch<2.13.0,>=2.4.0->unsloth) (12.8.90)
Requirement already satisfied: nvidia-nvjitlink-cu12==12.8.93 in /usr/local/lib/python3.12/dist-packages (from torch<2.13.0,>=2.4.0->unsloth) (12.8.93)
Requirement already satisfied: nvidia-cufile-cu12==1.13.1.3 in /usr/local/lib/python3.12/dist-packages (from torch<2.13.0,>=2.4.0->unsloth) (1.13.1.3)
Requirement already satisfied: cuda-pathfinder~=1.1 in /usr/local/lib/python3.12/dist-packages (from cuda-bindings==12.9.4->torch<2.13.0,>=2.4.0->unsloth) (1.5.3)
Requirement already satisfied: tokenizers<=0.23.0,>=0.22.0 in /usr/local/lib/python3.12/dist-packages (from transformers!=4.52.0,!=4.52.1,!=4.52.2,!=4.52.3,!=4.53.0,!=4.54.0,!=4.55.0,!=4.55.1,!=4.57.0,!=4.57.4,!=4.57.5,!=5.0.0,!=5.1.0,<=5.5.0,>=4.51.3->unsloth) (0.22.2)
Requirement already satisfied: shellingham>=1.3.0 in /usr/local/lib/python3.12/dist-packages (from typer>=0.12.0->unsloth) (1.5.4)
Requirement already satisfied: annotated-doc>=0.0.2 in /usr/local/lib/python3.12/dist-packages (from typer>=0.12.0->unsloth) (0.0.4)
Requirement already satisfied: markdown-it-py>=2.2.0 in /usr/local/lib/python3.12/dist-packages (from rich->unsloth) (4.0.0)
Requirement already satisfied: pygments<3.0.0,>=2.13.0 in /usr/local/lib/python3.12/dist-packages (from rich->unsloth) (2.20.0)
Requirement already satisfied: importlib-metadata in /usr/local/lib/python3.12/dist-packages (from diffusers->unsloth) (8.7.1)
Requirement already satisfied: annotated-types>=0.6.0 in /usr/local/lib/python3.12/dist-packages (from pydantic->unsloth) (0.7.0)
Requirement already satisfied: pydantic-core==2.41.4 in /usr/local/lib/python3.12/dist-packages (from pydantic->unsloth) (2.41.4)
Requirement already satisfied: typing-inspection>=0.4.2 in /usr/local/lib/python3.12/dist-packages (from pydantic->unsloth) (0.4.2)
Requirement already satisfied: docstring-parser>=0.16 in /usr/local/lib/python3.12/dist-packages (from tyro->unsloth) (0.18.0)
Requirement already satisfied: typeguard>=4.0.0 in /usr/local/lib/python3.12/dist-packages (from tyro->unsloth) (4.5.1)
Requirement already satisfied: aiohttp!=4.0.0a0,!=4.0.0a1 in /usr/local/lib/python3.12/dist-packages (from fsspec[http]<=2025.9.0,>=2023.1.0->datasets!=4.0.*,!=4.1.0,<4.4.0,>=3.4.1->unsloth) (3.13.5)
Requirement already satisfied: anyio in /usr/local/lib/python3.12/dist-packages (from httpx<1.0.0->datasets!=4.0.*,!=4.1.0,<4.4.0,>=3.4.1->unsloth) (4.13.0)
Requirement already satisfied: certifi in /usr/local/lib/python3.12/dist-packages (from httpx<1.0.0->datasets!=4.0.*,!=4.1.0,<4.4.0,>=3.4.1->unsloth) (2026.4.22)
Requirement already satisfied: httpcore==1.* in /usr/local/lib/python3.12/dist-packages (from httpx<1.0.0->datasets!=4.0.*,!=4.1.0,<4.4.0,>=3.4.1->unsloth) (1.0.9)
Requirement already satisfied: idna in /usr/local/lib/python3.12/dist-packages (from httpx<1.0.0->datasets!=4.0.*,!=4.1.0,<4.4.0,>=3.4.1->unsloth) (3.13)
Requirement already satisfied: h11>=0.16 in /usr/local/lib/python3.12/dist-packages (from httpcore==1.*->httpx<1.0.0->datasets!=4.0.*,!=4.1.0,<4.4.0,>=3.4.1->unsloth) (0.16.0)
Requirement already satisfied: mdurl~=0.1 in /usr/local/lib/python3.12/dist-packages (from markdown-it-py>=2.2.0->rich->unsloth) (0.1.2)
Requirement already satisfied: charset_normalizer<4,>=2 in /usr/local/lib/python3.12/dist-packages (from requests>=2.32.2->datasets!=4.0.*,!=4.1.0,<4.4.0,>=3.4.1->unsloth) (3.4.7)
Requirement already satisfied: urllib3<3,>=1.21.1 in /usr/local/lib/python3.12/dist-packages (from requests>=2.32.2->datasets!=4.0.*,!=4.1.0,<4.4.0,>=3.4.1->unsloth) (2.5.0)
Requirement already satisfied: mpmath<1.4,>=1.1.0 in /usr/local/lib/python3.12/dist-packages (from sympy>=1.13.3->torch<2.13.0,>=2.4.0->unsloth) (1.3.0)
Requirement already satisfied: zipp>=3.20 in /usr/local/lib/python3.12/dist-packages (from importlib-metadata->diffusers->unsloth) (3.23.1)
Requirement already satisfied: MarkupSafe>=2.0 in /usr/local/lib/python3.12/dist-packages (from jinja2->torch<2.13.0,>=2.4.0->unsloth) (3.0.3)
Requirement already satisfied: python-dateutil>=2.8.2 in /usr/local/lib/python3.12/dist-packages (from pandas->datasets!=4.0.*,!=4.1.0,<4.4.0,>=3.4.1->unsloth) (2.9.0.post0)
Requirement already satisfied: pytz>=2020.1 in /usr/local/lib/python3.12/dist-packages (from pandas->datasets!=4.0.*,!=4.1.0,<4.4.0,>=3.4.1->unsloth) (2025.2)
Requirement already satisfied: tzdata>=2022.7 in /usr/local/lib/python3.12/dist-packages (from pandas->datasets!=4.0.*,!=4.1.0,<4.4.0,>=3.4.1->unsloth) (2026.1)
Requirement already satisfied: aiohappyeyeballs>=2.5.0 in /usr/local/lib/python3.12/dist-packages (from aiohttp!=4.0.0a0,!=4.0.0a1->fsspec[http]<=2025.9.0,>=2023.1.0->datasets!=4.0.*,!=4.1.0,<4.4.0,>=3.4.1->unsloth) (2.6.1)
Requirement already satisfied: aiosignal>=1.4.0 in /usr/local/lib/python3.12/dist-packages (from aiohttp!=4.0.0a0,!=4.0.0a1->fsspec[http]<=2025.9.0,>=2023.1.0->datasets!=4.0.*,!=4.1.0,<4.4.0,>=3.4.1->unsloth) (1.4.0)
Requirement already satisfied: attrs>=17.3.0 in /usr/local/lib/python3.12/dist-packages (from aiohttp!=4.0.0a0,!=4.0.0a1->fsspec[http]<=2025.9.0,>=2023.1.0->datasets!=4.0.*,!=4.1.0,<4.4.0,>=3.4.1->unsloth) (26.1.0)
Requirement already satisfied: frozenlist>=1.1.1 in /usr/local/lib/python3.12/dist-packages (from aiohttp!=4.0.0a0,!=4.0.0a1->fsspec[http]<=2025.9.0,>=2023.1.0->datasets!=4.0.*,!=4.1.0,<4.4.0,>=3.4.1->unsloth) (1.8.0)
Requirement already satisfied: multidict<7.0,>=4.5 in /usr/local/lib/python3.12/dist-packages (from aiohttp!=4.0.0a0,!=4.0.0a1->fsspec[http]<=2025.9.0,>=2023.1.0->datasets!=4.0.*,!=4.1.0,<4.4.0,>=3.4.1->unsloth) (6.7.1)
Requirement already satisfied: propcache>=0.2.0 in /usr/local/lib/python3.12/dist-packages (from aiohttp!=4.0.0a0,!=4.0.0a1->fsspec[http]<=2025.9.0,>=2023.1.0->datasets!=4.0.*,!=4.1.0,<4.4.0,>=3.4.1->unsloth) (0.4.1)
Requirement already satisfied: yarl<2.0,>=1.17.0 in /usr/local/lib/python3.12/dist-packages (from aiohttp!=4.0.0a0,!=4.0.0a1->fsspec[http]<=2025.9.0,>=2023.1.0->datasets!=4.0.*,!=4.1.0,<4.4.0,>=3.4.1->unsloth) (1.23.0)
Requirement already satisfied: six>=1.5 in /usr/local/lib/python3.12/dist-packages (from python-dateutil>=2.8.2->pandas->datasets!=4.0.*,!=4.1.0,<4.4.0,>=3.4.1->unsloth) (1.17.0)
Downloading unsloth-2026.9.4-py3-none-any.whl (22.4 MB)
   ━━━━━━━━━━━━━━━━━━━━━━━━━━━━━━━━━━━━━━━━ 22.4/22.4 MB 80.5 MB/s eta 0:00:00
Downloading unsloth_zoo-2026.9.3-py3-none-any.whl (1.6 MB)
   ━━━━━━━━━━━━━━━━━━━━━━━━━━━━━━━━━━━━━━━━ 1.6/1.6 MB 67.8 MB/s eta 0:00:00
Downloading bitsandbytes-0.50.2-py3-none-manylinux_2_24_x86_64.whl (43.1 MB)
   ━━━━━━━━━━━━━━━━━━━━━━━━━━━━━━━━━━━━━━━━ 43.1/43.1 MB 47.6 MB/s eta 0:00:00
Downloading datasets-4.3.0-py3-none-any.whl (506 kB)
   ━━━━━━━━━━━━━━━━━━━━━━━━━━━━━━━━━━━━━━━━ 506.8/506.8 kB 36.6 MB/s eta 0:00:00
Downloading structlog-26.1.0-py3-none-any.whl (73 kB)
   ━━━━━━━━━━━━━━━━━━━━━━━━━━━━━━━━━━━━━━━━ 73.8/73.8 kB 5.0 MB/s eta 0:00:00
Downloading torchao-0.18.0-cp310-abi3-manylinux_2_24_x86_64.manylinux_2_28_x86_64.whl (3.4 MB)
   ━━━━━━━━━━━━━━━━━━━━━━━━━━━━━━━━━━━━━━━━ 3.4/3.4 MB 102.8 MB/s eta 0:00:00
Downloading transformers-5.5.0-py3-none-any.whl (10.2 MB)
   ━━━━━━━━━━━━━━━━━━━━━━━━━━━━━━━━━━━━━━━━ 10.2/10.2 MB 116.4 MB/s eta 0:00:00
Downloading trl-0.24.0-py3-none-any.whl (423 kB)
   ━━━━━━━━━━━━━━━━━━━━━━━━━━━━━━━━━━━━━━━━ 423.1/423.1 kB 26.1 MB/s eta 0:00:00
Downloading xformers-0.0.35-py39-none-manylinux_2_28_x86_64.whl (3.3 MB)
   ━━━━━━━━━━━━━━━━━━━━━━━━━━━━━━━━━━━━━━━━ 3.3/3.3 MB 101.7 MB/s eta 0:00:00
Downloading cut_cross_entropy-25.1.1-py3-none-any.whl (22 kB)
Downloading hf_transfer-0.1.9-cp38-abi3-manylinux_2_17_x86_64.manylinux2014_x86_64.whl (3.6 MB)
   ━━━━━━━━━━━━━━━━━━━━━━━━━━━━━━━━━━━━━━━━ 3.6/3.6 MB 100.6 MB/s eta 0:00:00
Downloading msgspec-0.21.1-cp312-cp312-manylinux2014_x86_64.manylinux_2_17_x86_64.manylinux_2_28_x86_64.whl (225 kB)
   ━━━━━━━━━━━━━━━━━━━━━━━━━━━━━━━━━━━━━━━━ 225.0/225.0 kB 17.5 MB/s eta 0:00:00
Downloading tyro-1.0.16-py3-none-any.whl (216 kB)
   ━━━━━━━━━━━━━━━━━━━━━━━━━━━━━━━━━━━━━━━━ 216.9/216.9 kB 11.5 MB/s eta 0:00:00
Downloading dill-0.4.0-py3-none-any.whl (119 kB)
   ━━━━━━━━━━━━━━━━━━━━━━━━━━━━━━━━━━━━━━━━ 119.7/119.7 kB 10.1 MB/s eta 0:00:00
Installing collected packages: torchao, structlog, msgspec, hf_transfer, dill, tyro, xformers, cut_cross_entropy, bitsandbytes, datasets, transformers, trl, unsloth_zoo, unsloth
  Attempting uninstall: torchao
    Found existing installation: torchao 0.10.0
    Uninstalling torchao-0.10.0:
      Successfully uninstalled torchao-0.10.0
  Attempting uninstall: dill
    Found existing installation: dill 0.4.1
    Uninstalling dill-0.4.1:
      Successfully uninstalled dill-0.4.1
  Attempting uninstall: datasets
    Found existing installation: datasets 5.0.0
    Uninstalling datasets-5.0.0:
      Successfully uninstalled datasets-5.0.0
  Attempting uninstall: transformers
    Found existing installation: transformers 5.0.0
    Uninstalling transformers-5.0.0:
      Successfully uninstalled transformers-5.0.0
Successfully installed bitsandbytes-0.50.2 cut_cross_entropy-25.1.1 datasets-4.3.0 dill-0.4.0 hf_transfer-0.1.9 msgspec-0.21.1 structlog-26.1.0 torchao-0.18.0 transformers-5.5.0 trl-0.24.0 tyro-1.0.16 unsloth-2026.9.4 unsloth_zoo-2026.9.3 xformers-0.0.35
